2026-09-02 15:35:44 | INFO | ===== 开始读取预处理后的数据集 =====
2026-09-02 15:44:07 | INFO | ===== 开始读取预处理后的数据集 =====
2026-09-02 15:44:07 | INFO | 完整数据集shape：(10000, 19)
2026-09-02 15:44:07 | INFO | 设备故障(Machine failure)分布：
Machine failure
0    9661
1     339
2026-09-02 15:44:07 | INFO | ===== 数据集划分完成 =====
2026-09-02 15:44:07 | INFO | 训练集 shape: (7000, 19)
2026-09-02 15:44:07 | INFO | 测试集 shape: (3000, 19)
2026-09-02 15:44:07 | INFO | 训练集故障分布：
Machine failure
0    6763
1     237
2026-09-02 15:44:07 | INFO | 测试集故障分布：
Machine failure
0    2898
1     102
2026-09-02 15:44:07 | INFO | 训练集保存路径：./data\train_dataset.csv
2026-09-02 15:44:07 | INFO | 测试集保存路径：./data\test_dataset.csv
2026-09-02 15:44:07 | INFO | 划分日志保存路径：./log\dataset_split.log
2026-09-02 16:31:17 | INFO | ===== 开始读取预处理后的数据集 =====
2026-09-02 16:31:17 | INFO | 完整数据集shape：(10000, 19)
2026-09-02 16:31:17 | INFO | 设备故障(Machine failure)分布：
Machine failure
0    9661
1     339
2026-09-02 16:31:17 | INFO | ===== 数据集划分完成 =====
2026-09-02 16:31:17 | INFO | 训练集 shape: (7000, 19)
2026-09-02 16:31:17 | INFO | 测试集 shape: (3000, 19)
2026-09-02 16:31:17 | INFO | 训练集故障分布：
Machine failure
0    6763
1     237
2026-09-02 16:31:17 | INFO | 测试集故障分布：
Machine failure
0    2898
1     102
2026-09-02 16:31:17 | INFO | 训练集保存路径：./data\train_dataset.csv
2026-09-02 16:31:17 | INFO | 测试集保存路径：./data\test_dataset.csv
2026-09-02 16:31:17 | INFO | 划分日志保存路径：./log\dataset_split.log
2026-09-02 18:35:21 | INFO | ===== 开始读取预处理后的数据集 =====
2026-09-02 18:35:21 | INFO | 完整数据集shape：(10000, 19)
2026-09-02 18:35:21 | INFO | 设备故障(Machine failure)分布：
Machine failure
0    9661
1     339
2026-09-02 18:35:21 | INFO | ===== 数据集划分完成 =====
2026-09-02 18:35:21 | INFO | 训练集 shape: (7000, 19)
2026-09-02 18:35:21 | INFO | 测试集 shape: (3000, 19)
2026-09-02 18:35:21 | INFO | 训练集故障分布：
Machine failure
0    6763
1     237
2026-09-02 18:35:21 | INFO | 测试集故障分布：
Machine failure
0    2898
1     102
2026-09-02 18:35:21 | INFO | 训练集保存路径：./data\train_dataset.csv
2026-09-02 18:35:21 | INFO | 测试集保存路径：./data\test_dataset.csv
2026-09-02 18:35:21 | INFO | 划分日志保存路径：./log\dataset_split.log
