2026-09-02 15:37:17 | INFO | ===== 开始读取原始数据集 ai4i2020.csv =====
2026-09-02 15:37:17 | INFO | 原始数据形状: (10000, 14)
2026-09-02 15:37:17 | INFO | 缺失值统计：
2026-09-02 15:37:17 | INFO | UDI                        0
Product ID                 0
Type                       0
Air temperature [K]        0
Process temperature [K]    0
Rotational speed [rpm]     0
Torque [Nm]                0
Tool wear [min]            0
Machine failure            0
TWF                        0
HDF                        0
PWF                        0
OSF                        0
RNF                        0
2026-09-02 15:37:17 | INFO | ===== 执行特征工程，构造衍生特征 =====
2026-09-02 15:37:17 | INFO | ===== IQR四分位法进行异常值截断 =====
2026-09-02 15:37:17 | INFO | ===== 对设备类型Type进行One‑Hot独热编码 =====
2026-09-02 15:37:17 | INFO | ===== Z‑score标准化数值特征 =====
2026-09-02 15:37:17 | INFO | ===== 预处理全部完成 =====
2026-09-02 15:37:17 | INFO | 处理后数据形状: (10000, 19)
2026-09-02 15:37:17 | INFO | 预处理后CSV保存路径: ./data\ai4i2020_processed.csv
2026-09-02 15:37:17 | INFO | 运行日志保存路径: ./log\preprocess.log
2026-09-02 15:37:17 | INFO | 前5行预览:
   UDI Product ID  Air temperature [K]  Process temperature [K]  Rotational speed [rpm]  Torque [Nm]  Tool wear [min]  Machine failure  TWF  HDF  PWF  OSF  RNF  T_diff[K]  Power_load  Tool_wear_norm  Type_H  Type_L  Type_M
0    1     M14860            -0.952389                -0.947360                0.140180     0.284091        -1.695984                0    0    0    0    0    0   0.498849    0.635262       -1.695984   False   False    True
1    2     L47181            -0.902393                -0.879959               -0.820899     0.637122        -1.648852                0    0    0    0    0    0   0.498849    0.517174       -1.648852   False    True   False
2    3     L47182            -0.952389                -1.014761               -0.216024     0.949807        -1.617430                0    0    0    0    0    0   0.398954    1.389742       -1.617430   False    True   False
3    4     L47183            -0.902393                -0.947360               -0.652879    -0.048768        -1.586009                0    0    0    0    0    0   0.398954   -0.333220       -1.586009   False    True   False
4    5     L47184            -0.902393                -0.879959               -0.820899     0.001665        -1.554588                0    0    0    0    0    0   0.498849   -0.361296       -1.554588   False    True   False
2026-09-02 16:31:06 | INFO | ===== 开始读取原始数据集 ai4i2020.csv =====
2026-09-02 16:31:06 | INFO | 原始数据形状: (10000, 14)
2026-09-02 16:31:06 | INFO | 缺失值统计：
2026-09-02 16:31:06 | INFO | UDI                        0
Product ID                 0
Type                       0
Air temperature [K]        0
Process temperature [K]    0
Rotational speed [rpm]     0
Torque [Nm]                0
Tool wear [min]            0
Machine failure            0
TWF                        0
HDF                        0
PWF                        0
OSF                        0
RNF                        0
2026-09-02 16:31:06 | INFO | ===== 执行特征工程，构造衍生特征 =====
2026-09-02 16:31:06 | INFO | ===== IQR四分位法进行异常值截断 =====
2026-09-02 16:31:06 | INFO | ===== 对设备类型Type进行One‑Hot独热编码 =====
2026-09-02 16:31:06 | INFO | ===== Z‑score标准化数值特征 =====
2026-09-02 16:31:06 | INFO | ===== 预处理全部完成 =====
2026-09-02 16:31:06 | INFO | 处理后数据形状: (10000, 19)
2026-09-02 16:31:06 | INFO | 预处理后CSV保存路径: ./data\ai4i2020_processed.csv
2026-09-02 16:31:06 | INFO | 运行日志保存路径: ./log\preprocess.log
2026-09-02 16:31:06 | INFO | 前5行预览:
   UDI Product ID  Air temperature [K]  Process temperature [K]  Rotational speed [rpm]  Torque [Nm]  Tool wear [min]  Machine failure  TWF  HDF  PWF  OSF  RNF  T_diff[K]  Power_load  Tool_wear_norm  Type_H  Type_L  Type_M
0    1     M14860            -0.952389                -0.947360                0.140180     0.284091        -1.695984                0    0    0    0    0    0   0.498849    0.635262       -1.695984   False   False    True
1    2     L47181            -0.902393                -0.879959               -0.820899     0.637122        -1.648852                0    0    0    0    0    0   0.498849    0.517174       -1.648852   False    True   False
2    3     L47182            -0.952389                -1.014761               -0.216024     0.949807        -1.617430                0    0    0    0    0    0   0.398954    1.389742       -1.617430   False    True   False
3    4     L47183            -0.902393                -0.947360               -0.652879    -0.048768        -1.586009                0    0    0    0    0    0   0.398954   -0.333220       -1.586009   False    True   False
4    5     L47184            -0.902393                -0.879959               -0.820899     0.001665        -1.554588                0    0    0    0    0    0   0.498849   -0.361296       -1.554588   False    True   False
2026-09-02 18:35:07 | INFO | ===== 开始读取原始数据集 ai4i2020.csv =====
2026-09-02 18:35:07 | INFO | 原始数据形状: (10000, 14)
2026-09-02 18:35:07 | INFO | 缺失值统计：
2026-09-02 18:35:07 | INFO | UDI                        0
Product ID                 0
Type                       0
Air temperature [K]        0
Process temperature [K]    0
Rotational speed [rpm]     0
Torque [Nm]                0
Tool wear [min]            0
Machine failure            0
TWF                        0
HDF                        0
PWF                        0
OSF                        0
RNF                        0
2026-09-02 18:35:07 | INFO | ===== 执行特征工程，构造衍生特征 =====
2026-09-02 18:35:07 | INFO | ===== IQR四分位法进行异常值截断 =====
2026-09-02 18:35:07 | INFO | ===== 对设备类型Type进行One‑Hot独热编码 =====
2026-09-02 18:35:07 | INFO | ===== Z‑score标准化数值特征 =====
2026-09-02 18:35:07 | INFO | ===== 预处理全部完成 =====
2026-09-02 18:35:07 | INFO | 处理后数据形状: (10000, 19)
2026-09-02 18:35:07 | INFO | 预处理后CSV保存路径: ./data\ai4i2020_processed.csv
2026-09-02 18:35:07 | INFO | 运行日志保存路径: ./log\preprocess.log
2026-09-02 18:35:07 | INFO | 前5行预览:
   UDI Product ID  Air temperature [K]  Process temperature [K]  Rotational speed [rpm]  Torque [Nm]  Tool wear [min]  Machine failure  TWF  HDF  PWF  OSF  RNF  T_diff[K]  Power_load  Tool_wear_norm  Type_H  Type_L  Type_M
0    1     M14860            -0.952389                -0.947360                0.140180     0.284091        -1.695984                0    0    0    0    0    0   0.498849    0.635262       -1.695984   False   False    True
1    2     L47181            -0.902393                -0.879959               -0.820899     0.637122        -1.648852                0    0    0    0    0    0   0.498849    0.517174       -1.648852   False    True   False
2    3     L47182            -0.952389                -1.014761               -0.216024     0.949807        -1.617430                0    0    0    0    0    0   0.398954    1.389742       -1.617430   False    True   False
3    4     L47183            -0.902393                -0.947360               -0.652879    -0.048768        -1.586009                0    0    0    0    0    0   0.398954   -0.333220       -1.586009   False    True   False
4    5     L47184            -0.902393                -0.879959               -0.820899     0.001665        -1.554588                0    0    0    0    0    0   0.498849   -0.361296       -1.554588   False    True   False
2026-09-03 13:38:27 | INFO | ===== 开始读取原始数据集 ai4i2020.csv =====
2026-09-03 13:38:27 | INFO | 原始数据形状: (10000, 14)
2026-09-03 13:38:27 | INFO | 原始数据形状: (10000, 14)
2026-09-03 13:38:27 | INFO | 缺失值统计：
2026-09-03 13:38:27 | INFO | 缺失值统计：
2026-09-03 13:38:27 | INFO | UDI                        0
Product ID                 0
Type                       0
Air temperature [K]        0
Process temperature [K]    0
Rotational speed [rpm]     0
Torque [Nm]                0
Tool wear [min]            0
Machine failure            0
TWF                        0
HDF                        0
PWF                        0
OSF                        0
RNF                        0
2026-09-03 13:38:27 | INFO | UDI                        0
Product ID                 0
Type                       0
Air temperature [K]        0
Process temperature [K]    0
Rotational speed [rpm]     0
Torque [Nm]                0
Tool wear [min]            0
Machine failure            0
TWF                        0
HDF                        0
PWF                        0
OSF                        0
RNF                        0
2026-09-03 13:38:27 | INFO | ===== 执行特征工程，构造衍生特征 =====
2026-09-03 13:38:27 | INFO | ===== 执行特征工程，构造衍生特征 =====
2026-09-03 13:38:27 | INFO | ===== IQR四分位法进行异常值截断 =====
2026-09-03 13:38:27 | INFO | ===== IQR四分位法进行异常值截断 =====
2026-09-03 13:38:27 | INFO | ===== 对设备类型Type进行One‑Hot独热编码 =====
2026-09-03 13:38:27 | INFO | ===== 对设备类型Type进行One‑Hot独热编码 =====
2026-09-03 13:38:27 | INFO | ===== Z‑score标准化数值特征 =====
2026-09-03 13:38:27 | INFO | ===== Z‑score标准化数值特征 =====
2026-09-03 13:38:27 | INFO | ===== 预处理全部完成 =====
2026-09-03 13:38:27 | INFO | ===== 预处理全部完成 =====
2026-09-03 13:38:27 | INFO | 处理后数据形状: (10000, 19)
2026-09-03 13:38:27 | INFO | 处理后数据形状: (10000, 19)
2026-09-03 13:38:27 | INFO | 预处理后CSV保存路径: ./data\ai4i2020_processed.csv
2026-09-03 13:38:27 | INFO | 运行日志保存路径: ./log\preprocess.log
2026-09-03 13:38:27 | INFO | 预处理后CSV保存路径: ./data\ai4i2020_processed.csv
2026-09-03 13:38:27 | INFO | 运行日志保存路径: ./log\preprocess.log
2026-09-03 13:38:27 | INFO | 前5行预览:
   UDI Product ID  Air temperature [K]  Process temperature [K]  Rotational speed [rpm]  Torque [Nm]  Tool wear [min]  Machine failure  TWF  HDF  PWF  OSF  RNF  T_diff[K]  Power_load  Tool_wear_norm  Type_H  Type_L  Type_M
0    1     M14860            -0.952389                -0.947360                0.140180     0.284091        -1.695984                0    0    0    0    0    0   0.498849    0.635262       -1.695984   False   False    True
1    2     L47181            -0.902393                -0.879959               -0.820899     0.637122        -1.648852                0    0    0    0    0    0   0.498849    0.517174       -1.648852   False    True   False
2    3     L47182            -0.952389                -1.014761               -0.216024     0.949807        -1.617430                0    0    0    0    0    0   0.398954    1.389742       -1.617430   False    True   False
3    4     L47183            -0.902393                -0.947360               -0.652879    -0.048768        -1.586009                0    0    0    0    0    0   0.398954   -0.333220       -1.586009   False    True   False
4    5     L47184            -0.902393                -0.879959               -0.820899     0.001665        -1.554588                0    0    0    0    0    0   0.498849   -0.361296       -1.554588   False    True   False
2026-09-03 13:38:27 | INFO | 前5行预览:
   UDI Product ID  Air temperature [K]  Process temperature [K]  Rotational speed [rpm]  Torque [Nm]  Tool wear [min]  Machine failure  TWF  HDF  PWF  OSF  RNF  T_diff[K]  Power_load  Tool_wear_norm  Type_H  Type_L  Type_M
0    1     M14860            -0.952389                -0.947360                0.140180     0.284091        -1.695984                0    0    0    0    0    0   0.498849    0.635262       -1.695984   False   False    True
1    2     L47181            -0.902393                -0.879959               -0.820899     0.637122        -1.648852                0    0    0    0    0    0   0.498849    0.517174       -1.648852   False    True   False
2    3     L47182            -0.952389                -1.014761               -0.216024     0.949807        -1.617430                0    0    0    0    0    0   0.398954    1.389742       -1.617430   False    True   False
3    4     L47183            -0.902393                -0.947360               -0.652879    -0.048768        -1.586009                0    0    0    0    0    0   0.398954   -0.333220       -1.586009   False    True   False
4    5     L47184            -0.902393                -0.879959               -0.820899     0.001665        -1.554588                0    0    0    0    0    0   0.498849   -0.361296       -1.554588   False    True   False
